Microchip MPLAB XC8 Compiler V2.32

Linker command line:

-W-3 --edf=E:\Program Files\Microchip\xc8\v2.32\pic\dat\en_msgs.txt -cn \
  -h+dist/default/production\projfin.X.production.sym \
  --cmf=dist/default/production\projfin.X.production.cmf -z -Q18F4520 \
  -oC:\Users\lsffa\AppData\Local\Temp\xcAs1le0.4 --defsym=__MPLAB_BUILD=1 \
  -Mdist/default/production/projfin.X.production.map -E1 -ver=XC8 Compiler \
  --acfsm=1493 -ASTACK=080h-05FFh -pstack=STACK -ACODE=00h-07FFFh \
  -ACONST=00h-07FFFh -ASMALLCONST=0600h-06FFhx122 \
  -AMEDIUMCONST=0600h-07FFFh -ACOMRAM=01h-07Fh -AABS1=00h-05FFh \
  -ABIGRAM=01h-05FFh -ARAM=080h-0FFh,0100h-01FFhx5 -ABANK0=080h-0FFh \
  -ABANK1=0100h-01FFh -ABANK2=0200h-02FFh -ABANK3=0300h-03FFh \
  -ABANK4=0400h-04FFh -ABANK5=0500h-05FFh -ASFR=0F80h-0FFFh \
  -ACONFIG=0300000h-030000Dh -AIDLOC=0200000h-0200007h \
  -AEEDATA=0F00000h-0F000FFh -peeprom_data=EEDATA \
  -preset_vec=00h,intcode,intcodelo,powerup,init -pramtop=0600h \
  -psmallconst=SMALLCONST -pmediumconst=MEDIUMCONST -pconst=CONST \
  -AFARRAM=00h-00h \
  -prdata=COMRAM,nvrram=COMRAM,nvbit=COMRAM,rbss=COMRAM,rbit=COMRAM \
  -pfarbss=FARRAM,fardata=FARRAM,nvFARRAM=FARRAM \
  -pintsave_regs=BIGRAM,bigbss=BIGRAM,bigdata=BIGRAM -pbss=RAM \
  -pidata=CODE,irdata=CODE,ibigdata=CODE,ifardata=CODE -prparam=COMRAM \
  C:\Users\lsffa\AppData\Local\Temp\xcAs1le0.o \
  dist/default/production\projfin.X.production.o 

Object code version is 3.11

Machine type is 18F4520



                Name                               Link     Load   Length Selector   Space Scale
C:\Users\lsffa\AppData\Local\Temp\xcAs1le0.o
                idloc                            200000   200000        8        0       5
                config                           300000   300000        E        0       4
                init                                  0        0        4        0       0
dist/default/production\projfin.X.production.o
                idloc                            200000   200000        8        0       5
                config                           300000   300000        E        0       4
                smallconst                          600      600       5E      300       0
                text63                             20B6     20B6       44      32F       0
                text62                             2434     2434       2E      32F       0
                text61                             2406     2406       2E      32F       0
                text60                             2646     2646        E      32F       0
                text59                             1D10     1D10       62      32F       0
                text58                             1BCC     1BCC       74      32F       0
                text57                             2582     2582       26      32F       0
                text56                             1C40     1C40       6C      32F       0
                text55                             2462     2462       2C      32F       0
                text54                             1AA4     1AA4       B0      32F       0
                text53                             192C     192C       C4      32F       0
                text52                             213C     213C       42      32F       0
                text51                             2664     2664        2      32F       0
                text50                              B72      B72      24E      32F       0
                text49                              924      924      24E      32F       0
                text48                             250C     250C       2A      32F       0
                text47                             129C     129C      16A      32F       0
                text46                             22A8     22A8       38      32F       0
                text45                             2270     2270       38      32F       0
                text44                             2348     2348       32      32F       0
                text43                             24E2     24E2       2A      32F       0
                text42                             23D8     23D8       2E      32F       0
                text41                             1E84     1E84       58      32F       0
                text40                             1F88     1F88       54      32F       0
                text39                             2070     2070       46      32F       0
                text38                             1D72     1D72       60      32F       0
                text37                             202A     202A       46      32F       0
                text36                             237A     237A       30      32F       0
                text35                             2662     2662        2      32F       0
                text34                             20FA     20FA       42      32F       0
                text33                             24B8     24B8       2A      32F       0
                text32                             248E     248E       2A      32F       0
                text31                             1FDC     1FDC       4E      32F       0
                text30                             1DD2     1DD2       5A      32F       0
                text29                             25E8     25E8       1E      32F       0
                text28                             25CA     25CA       1E      32F       0
                text27                             1F32     1F32       56      32F       0
                text26                              F84      F84      1AC      32F       0
                text25                             153C     153C      10C      32F       0
                text24                             1840     1840       EC      32F       0
                text23                             1CAC     1CAC       64      32F       0
                text22                              65E      65E      2C6      32F       0
                text21                             1E2C     1E2C       58      32F       0
                text20                             1130     1130      16C      32F       0
                text19                             25A8     25A8       22      32F       0
                text18                             2636     2636       10      32F       0
                text17                             1648     1648      104      32F       0
                text16                             217E     217E       3E      32F       0
                text15                             2316     2316       32      32F       0
                text14                             255C     255C       26      32F       0
                text13                             19F0     19F0       B4      32F       0
                text12                             2536     2536       26      32F       0
                text11                             2606     2606       1A      32F       0
                text10                             1EDC     1EDC       56      32F       0
                text9                              2654     2654        8      32F       0
                text8                              2620     2620       16      32F       0
                text7                               DC0      DC0      1C4      32F       0
                text6                              23AA     23AA       2E      32F       0
                text5                              1406     1406      136      32F       0
                text4                              1B54     1B54       78      32F       0
                text3                              2234     2234       3C      32F       0
                text2                              21F8     21F8       3C      32F       0
                text1                              21BC     21BC       3C      32F       0
                text0                              174C     174C       F4      32F       0
                cstackCOMRAM                          1        1       2C        1       1
                dataCOMRAM                           40       40        6        1       1
                bssCOMRAM                            2D       2D       13        1       1
                cinit                              22E0     22E0       36      32F       0
                idataCOMRAM                        265C     265C        6      32F       0

TOTAL           Name                               Link     Load   Length     Space
        CLASS   STACK          

        CLASS   CODE           
                init                                  0        0        4         0
                text63                             20B6     20B6       44         0
                text62                             2434     2434       2E         0
                text61                             2406     2406       2E         0
                text60                             2646     2646        E         0
                text59                             1D10     1D10       62         0
                text58                             1BCC     1BCC       74         0
                text57                             2582     2582       26         0
                text56                             1C40     1C40       6C         0
                text55                             2462     2462       2C         0
                text54                             1AA4     1AA4       B0         0
                text53                             192C     192C       C4         0
                text52                             213C     213C       42         0
                text51                             2664     2664        2         0
                text50                              B72      B72      24E         0
                text49                              924      924      24E         0
                text48                             250C     250C       2A         0
                text47                             129C     129C      16A         0
                text46                             22A8     22A8       38         0
                text45                             2270     2270       38         0
                text44                             2348     2348       32         0
                text43                             24E2     24E2       2A         0
                text42                             23D8     23D8       2E         0
                text41                             1E84     1E84       58         0
                text40                             1F88     1F88       54         0
                text39                             2070     2070       46         0
                text38                             1D72     1D72       60         0
                text37                             202A     202A       46         0
                text36                             237A     237A       30         0
                text35                             2662     2662        2         0
                text34                             20FA     20FA       42         0
                text33                             24B8     24B8       2A         0
                text32                             248E     248E       2A         0
                text31                             1FDC     1FDC       4E         0
                text30                             1DD2     1DD2       5A         0
                text29                             25E8     25E8       1E         0
                text28                             25CA     25CA       1E         0
                text27                             1F32     1F32       56         0
                text26                              F84      F84      1AC         0
                text25                             153C     153C      10C         0
                text24                             1840     1840       EC         0
                text23                             1CAC     1CAC       64         0
                text22                              65E      65E      2C6         0
                text21                             1E2C     1E2C       58         0
                text20                             1130     1130      16C         0
                text19                             25A8     25A8       22         0
                text18                             2636     2636       10         0
                text17                             1648     1648      104         0
                text16                             217E     217E       3E         0
                text15                             2316     2316       32         0
                text14                             255C     255C       26         0
                text13                             19F0     19F0       B4         0
                text12                             2536     2536       26         0
                text11                             2606     2606       1A         0
                text10                             1EDC     1EDC       56         0
                text9                              2654     2654        8         0
                text8                              2620     2620       16         0
                text7                               DC0      DC0      1C4         0
                text6                              23AA     23AA       2E         0
                text5                              1406     1406      136         0
                text4                              1B54     1B54       78         0
                text3                              2234     2234       3C         0
                text2                              21F8     21F8       3C         0
                text1                              21BC     21BC       3C         0
                text0                              174C     174C       F4         0
                cinit                              22E0     22E0       36         0
                idataCOMRAM                        265C     265C        6         0

        CLASS   CONST          

        CLASS   SMALLCONST     
                smallconst                          600      600       5E         0

        CLASS   MEDIUMCONST    

        CLASS   COMRAM         
                cstackCOMRAM                          1        1       2C         1
                dataCOMRAM                           40       40        6         1
                bssCOMRAM                            2D       2D       13         1

        CLASS   ABS1           

        CLASS   BIGRAM         

        CLASS   RAM            

        CLASS   BANK0          

        CLASS   BANK1          

        CLASS   BANK2          

        CLASS   BANK3          

        CLASS   BANK4          

        CLASS   BANK5          

        CLASS   SFR            

        CLASS   CONFIG         
                config                           300000   300000        E         4

        CLASS   IDLOC          
                idloc                            200000   200000        8         5

        CLASS   EEDATA         

        CLASS   FARRAM         



SEGMENTS        Name                           Load    Length   Top    Selector   Space  Class

                reset_vec                      000000  000004  000004         0       0  CODE    
                cstackCOMRAM                   000001  000045  000046         1       1  COMRAM  
                smallconst                     000600  00005E  00065E       300       0  SMALLCON
                text22                         00065E  002008  002666       32F       0  CODE    


UNUSED ADDRESS RANGES

        Name                Unused          Largest block    Delta
        BANK0            000080-0000FF               80
        BANK1            000100-0001FF              100
        BANK2            000200-0002FF              100
        BANK3            000300-0003FF              100
        BANK4            000400-0004FF              100
        BANK5            000500-0005FF              100
        BIGRAM           000046-0005FF              5BA
        CODE             000004-0005FF              5FC
                         002666-007FFF             599A
        COMRAM           000046-00007F               3A
        CONST            000004-0005FF              5FC
                         002666-007FFF             599A
        EEDATA           F00000-F000FF              100
        MEDIUMCONST      002666-007FFF             599A
        RAM              000080-0005FF              100
        SFR              000F80-000FFF               80
        SMALLCONST       002666-007FFF              100
        STACK            000080-0005FF              580

                                  Symbol Table

?___aldiv                                 cstackCOMRAM 000001
?___almod                                 cstackCOMRAM 00000F
?___awdiv                                 cstackCOMRAM 000013
?___awmod                                 cstackCOMRAM 000025
?___lwdiv                                 cstackCOMRAM 000001
?___lwmod                                 cstackCOMRAM 000008
?___wmul                                  cstackCOMRAM 00001B
?_bcd2dec                                 cstackCOMRAM 000021
?_digitalRead                             cstackCOMRAM 000001
?_dsReadData                              cstackCOMRAM 00000E
?_verificarUsuarioPagou                   cstackCOMRAM 00000F
?_verificarUsuarioPediuParaEntrar         cstackCOMRAM 00000F
?_verificarUsuarioPediuParaSair           cstackCOMRAM 00000F
_ADCON0                                   (abs)        000FC2
_ADCON1                                   (abs)        000FC1
_ADCON2                                   (abs)        000FC0
_ADRESH                                   (abs)        000FC4
_ADRESL                                   (abs)        000FC3
_BAUDCON                                  (abs)        000FB8
_CCP2CON                                  (abs)        000FBA
_CCPR2L                                   (abs)        000FBB
_I2C_delay                                text51       002664
_INTCON                                   (abs)        000FF2
_PIR1                                     (abs)        000F9E
_PORTA                                    (abs)        000F80
_PORTB                                    (abs)        000F81
_PORTC                                    (abs)        000F82
_PORTD                                    (abs)        000F83
_PORTE                                    (abs)        000F84
_PR2                                      (abs)        000FCB
_PulseClockData                           text33       0024B8
_PulseEnClock                             text32       00248E
_RCREG                                    (abs)        000FAE
_RCSTA                                    (abs)        000FAB
_SPBRG                                    (abs)        000FAF
_SPBRGH                                   (abs)        000FB0
_T0CON                                    (abs)        000FD5
_T2CON                                    (abs)        000FCA
_TMR0H                                    (abs)        000FD7
_TMR0L                                    (abs)        000FD6
_TRISA                                    (abs)        000F92
_TRISB                                    (abs)        000F93
_TRISC                                    (abs)        000F94
_TRISD                                    (abs)        000F95
_TRISE                                    (abs)        000F96
_TXREG                                    (abs)        000FAD
_TXSTA                                    (abs)        000FAC
__HRAM                                    (abs)        000000
__Habs1                                   abs1         000000
__Hbank0                                  bank0        000000
__Hbank1                                  bank1        000000
__Hbank2                                  bank2        000000
__Hbank3                                  bank3        000000
__Hbank4                                  bank4        000000
__Hbank5                                  bank5        000000
__Hbigbss                                 bigbss       000000
__Hbigdata                                bigdata      000000
__Hbigram                                 bigram       000000
__Hbss                                    bss          000000
__HbssCOMRAM                              bssCOMRAM    000000
__Hcinit                                  cinit        000000
__Hclrtext                                clrtext      000000
__Hcomram                                 comram       000000
__Hconfig                                 config       30000E
__Hconst                                  const        000000
__HcstackCOMRAM                           cstackCOMRAM 000000
__Hdata                                   data         000000
__HdataCOMRAM                             dataCOMRAM   000000
__Heeprom_data                            eeprom_data  000000
__Hfarbss                                 farbss       000000
__Hfardata                                fardata      000000
__Hibigdata                               ibigdata     000000
__Hidata                                  idata        000000
__HidataCOMRAM                            idataCOMRAM  000000
__Hidloc                                  idloc        200008
__Hifardata                               ifardata     000000
__Hinit                                   init         000004
__Hintcode                                intcode      000000
__Hintcode_body                           intcode_body 000000
__Hintcodelo                              intcodelo    000000
__Hintentry                               intentry     000000
__Hintret                                 intret       000000
__Hintsave_regs                           intsave_regs 000000
__Hirdata                                 irdata       000000
__Hmediumconst                            mediumconst  000000
__HnvFARRAM                               nvFARRAM     000000
__Hnvbit                                  nvbit        000000
__Hnvrram                                 nvrram       000000
__Hparam                                  rparam       000000
__Hpowerup                                powerup      000000
__Hram                                    ram          000000
__Hramtop                                 ramtop       000600
__Hrbit                                   rbit         000000
__Hrbss                                   rbss         000000
__Hrdata                                  rdata        000000
__Hreset_vec                              reset_vec    000000
__Hrparam                                 rparam       000000
__Hsfr                                    sfr          000000
__Hsmallconst                             smallconst   00065E
__Hspace_0                                (abs)        002666
__Hspace_1                                (abs)        000046
__Hspace_2                                (abs)        000000
__Hspace_4                                (abs)        60000E
__Hstack                                  stack        000000
__Hstruct                                 struct       000000
__Htemp                                   temp         000000
__Htext                                   text         000000
__Htext0                                  text0        000000
__Htext1                                  text1        000000
__Htext10                                 text10       000000
__Htext11                                 text11       000000
__Htext12                                 text12       000000
__Htext13                                 text13       000000
__Htext14                                 text14       000000
__Htext15                                 text15       000000
__Htext16                                 text16       000000
__Htext17                                 text17       000000
__Htext18                                 text18       000000
__Htext19                                 text19       000000
__Htext2                                  text2        000000
__Htext20                                 text20       000000
__Htext21                                 text21       000000
__Htext22                                 text22       000000
__Htext23                                 text23       000000
__Htext24                                 text24       000000
__Htext25                                 text25       000000
__Htext26                                 text26       000000
__Htext27                                 text27       000000
__Htext28                                 text28       000000
__Htext29                                 text29       000000
__Htext3                                  text3        000000
__Htext30                                 text30       000000
__Htext31                                 text31       000000
__Htext32                                 text32       000000
__Htext33                                 text33       000000
__Htext34                                 text34       000000
__Htext35                                 text35       000000
__Htext36                                 text36       000000
__Htext37                                 text37       000000
__Htext38                                 text38       000000
__Htext39                                 text39       000000
__Htext4                                  text4        000000
__Htext40                                 text40       000000
__Htext41                                 text41       000000
__Htext42                                 text42       000000
__Htext43                                 text43       000000
__Htext44                                 text44       000000
__Htext45                                 text45       000000
__Htext46                                 text46       000000
__Htext47                                 text47       000000
__Htext48                                 text48       000000
__Htext49                                 text49       000000
__Htext5                                  text5        000000
__Htext50                                 text50       000000
__Htext51                                 text51       000000
__Htext52                                 text52       000000
__Htext53                                 text53       000000
__Htext54                                 text54       000000
__Htext55                                 text55       000000
__Htext56                                 text56       000000
__Htext57                                 text57       000000
__Htext58                                 text58       000000
__Htext59                                 text59       000000
__Htext6                                  text6        000000
__Htext60                                 text60       000000
__Htext61                                 text61       000000
__Htext62                                 text62       000000
__Htext63                                 text63       000000
__Htext7                                  text7        000000
__Htext8                                  text8        000000
__Htext9                                  text9        000000
__LRAM                                    (abs)        000001
__Labs1                                   abs1         000000
__Lbank0                                  bank0        000000
__Lbank1                                  bank1        000000
__Lbank2                                  bank2        000000
__Lbank3                                  bank3        000000
__Lbank4                                  bank4        000000
__Lbank5                                  bank5        000000
__Lbigbss                                 bigbss       000000
__Lbigdata                                bigdata      000000
__Lbigram                                 bigram       000000
__Lbss                                    bss          000000
__LbssCOMRAM                              bssCOMRAM    000000
__Lcinit                                  cinit        000000
__Lclrtext                                clrtext      000000
__Lcomram                                 comram       000000
__Lconfig                                 config       000000
__Lconst                                  const        000000
__LcstackCOMRAM                           cstackCOMRAM 000000
__Ldata                                   data         000000
__LdataCOMRAM                             dataCOMRAM   000000
__Leeprom_data                            eeprom_data  000000
__Lfarbss                                 farbss       000000
__Lfardata                                fardata      000000
__Libigdata                               ibigdata     000000
__Lidata                                  idata        000000
__LidataCOMRAM                            idataCOMRAM  000000
__Lidloc                                  idloc        000000
__Lifardata                               ifardata     000000
__Linit                                   init         000000
__Lintcode                                intcode      000000
__Lintcode_body                           intcode_body 000000
__Lintcodelo                              intcodelo    000000
__Lintentry                               intentry     000000
__Lintret                                 intret       000000
__Lintsave_regs                           intsave_regs 000000
__Lirdata                                 irdata       000000
__Lmediumconst                            mediumconst  000000
__LnvFARRAM                               nvFARRAM     000000
__Lnvbit                                  nvbit        000000
__Lnvrram                                 nvrram       000000
__Lparam                                  rparam       000000
__Lpowerup                                powerup      000000
__Lram                                    ram          000000
__Lramtop                                 ramtop       000600
__Lrbit                                   rbit         000000
__Lrbss                                   rbss         000000
__Lrdata                                  rdata        000000
__Lreset_vec                              reset_vec    000000
__Lrparam                                 rparam       000000
__Lsfr                                    sfr          000000
__Lsmallconst                             smallconst   000600
__Lspace_0                                (abs)        000000
__Lspace_1                                (abs)        000000
__Lspace_2                                (abs)        000000
__Lspace_4                                (abs)        000000
__Lstack                                  stack        000000
__Lstruct                                 struct       000000
__Ltemp                                   temp         000000
__Ltext                                   text         000000
__Ltext0                                  text0        000000
__Ltext1                                  text1        000000
__Ltext10                                 text10       000000
__Ltext11                                 text11       000000
__Ltext12                                 text12       000000
__Ltext13                                 text13       000000
__Ltext14                                 text14       000000
__Ltext15                                 text15       000000
__Ltext16                                 text16       000000
__Ltext17                                 text17       000000
__Ltext18                                 text18       000000
__Ltext19                                 text19       000000
__Ltext2                                  text2        000000
__Ltext20                                 text20       000000
__Ltext21                                 text21       000000
__Ltext22                                 text22       000000
__Ltext23                                 text23       000000
__Ltext24                                 text24       000000
__Ltext25                                 text25       000000
__Ltext26                                 text26       000000
__Ltext27                                 text27       000000
__Ltext28                                 text28       000000
__Ltext29                                 text29       000000
__Ltext3                                  text3        000000
__Ltext30                                 text30       000000
__Ltext31                                 text31       000000
__Ltext32                                 text32       000000
__Ltext33                                 text33       000000
__Ltext34                                 text34       000000
__Ltext35                                 text35       000000
__Ltext36                                 text36       000000
__Ltext37                                 text37       000000
__Ltext38                                 text38       000000
__Ltext39                                 text39       000000
__Ltext4                                  text4        000000
__Ltext40                                 text40       000000
__Ltext41                                 text41       000000
__Ltext42                                 text42       000000
__Ltext43                                 text43       000000
__Ltext44                                 text44       000000
__Ltext45                                 text45       000000
__Ltext46                                 text46       000000
__Ltext47                                 text47       000000
__Ltext48                                 text48       000000
__Ltext49                                 text49       000000
__Ltext5                                  text5        000000
__Ltext50                                 text50       000000
__Ltext51                                 text51       000000
__Ltext52                                 text52       000000
__Ltext53                                 text53       000000
__Ltext54                                 text54       000000
__Ltext55                                 text55       000000
__Ltext56                                 text56       000000
__Ltext57                                 text57       000000
__Ltext58                                 text58       000000
__Ltext59                                 text59       000000
__Ltext6                                  text6        000000
__Ltext60                                 text60       000000
__Ltext61                                 text61       000000
__Ltext62                                 text62       000000
__Ltext63                                 text63       000000
__Ltext7                                  text7        000000
__Ltext8                                  text8        000000
__Ltext9                                  text9        000000
__S0                                      (abs)        002666
__S1                                      (abs)        000046
__S2                                      (abs)        000000
__S4                                      (abs)        000000
__S5                                      (abs)        000000
___aldiv                                  text25       00153C
___aldiv@counter                          cstackCOMRAM 000009
___aldiv@dividend                         cstackCOMRAM 000001
___aldiv@divisor                          cstackCOMRAM 000005
___aldiv@quotient                         cstackCOMRAM 00000B
___aldiv@sign                             cstackCOMRAM 00000A
___almod                                  text24       001840
___almod@counter                          cstackCOMRAM 000017
___almod@dividend                         cstackCOMRAM 00000F
___almod@divisor                          cstackCOMRAM 000013
___almod@sign                             cstackCOMRAM 000018
___awdiv                                  text53       00192C
___awdiv@counter                          cstackCOMRAM 000017
___awdiv@dividend                         cstackCOMRAM 000013
___awdiv@divisor                          cstackCOMRAM 000015
___awdiv@quotient                         cstackCOMRAM 000019
___awdiv@sign                             cstackCOMRAM 000018
___awmod                                  text54       001AA4
___awmod@counter                          cstackCOMRAM 000029
___awmod@dividend                         cstackCOMRAM 000025
___awmod@divisor                          cstackCOMRAM 000027
___awmod@sign                             cstackCOMRAM 00002A
___inthi_sp                               stack        000000
___intlo_sp                               stack        000000
___lwdiv                                  text58       001BCC
___lwdiv@counter                          cstackCOMRAM 000007
___lwdiv@dividend                         cstackCOMRAM 000001
___lwdiv@divisor                          cstackCOMRAM 000003
___lwdiv@quotient                         cstackCOMRAM 000005
___lwmod                                  text23       001CAC
___lwmod@counter                          cstackCOMRAM 00000C
___lwmod@dividend                         cstackCOMRAM 000008
___lwmod@divisor                          cstackCOMRAM 00000A
___param_bank                             (abs)        000000
___rparam_used                            (abs)        000001
___sp                                     stack        000000
___wmul                                   text57       002582
___wmul@multiplicand                      cstackCOMRAM 00001D
___wmul@multiplier                        cstackCOMRAM 00001B
___wmul@product                           cstackCOMRAM 00001F
__accesstop                               (abs)        000080
__activetblptr                            (abs)        000002
__end_of_I2C_delay                        text51       002666
__end_of_PulseClockData                   text33       0024E2
__end_of_PulseEnClock                     text32       0024B8
__end_of___aldiv                          text25       001648
__end_of___almod                          text24       00192C
__end_of___awdiv                          text53       0019F0
__end_of___awmod                          text54       001B54
__end_of___lwdiv                          text58       001C40
__end_of___lwmod                          text23       001D10
__end_of___wmul                           text57       0025A8
__end_of__initialization                  cinit        00230C
__end_of_acenderLedNaSequencia            text60       002654
__end_of_ativarBuzzer                     text55       00248E
__end_of_atrasar                          text59       001D72
__end_of_atualizarHorarioEntrada          text26       001130
__end_of_atualizarHorarioSaida            text22       000924
__end_of_atualizarTempoEstadia            text17       00174C
__end_of_bcd2dec                          text52       00217E
__end_of_charKey                          smallconst   00061B
__end_of_clear_SCL                        text48       002536
__end_of_clear_SDA                        text43       00250C
__end_of_delay                            text63       0020FA
__end_of_delayMicro                       text35       002664
__end_of_delayMili                        text36       0023AA
__end_of_digitalRead                      text47       001406
__end_of_digitalWrite                     text50       000DC0
__end_of_dsReadData                       text37       002070
__end_of_i2cReadByte                      text40       001FDC
__end_of_i2cWriteByte                     text38       001DD2
__end_of_i2c_read_bit                     text44       00237A
__end_of_i2c_start                        text39       0020B6
__end_of_i2c_stop                         text42       002406
__end_of_i2c_write_bit                    text41       001EDC
__end_of_iniciarPerifericos               text8        002636
__end_of_kpDebounce                       text5        00153C
__end_of_kpInit                           text15       002348
__end_of_kpReadKey                        text4        001BCC
__end_of_lcdChar                          text28       0025E8
__end_of_lcdCommand                       text29       002606
__end_of_lcdInit                          text13       001AA4
__end_of_lcdString                        text27       001F88
__end_of_ledParaDireita                   text62       002462
__end_of_ledParaEsquerda                  text61       002434
__end_of_main                             text0        001840
__end_of_mostrarMenuInicial               text7        000F84
__end_of_pinMode                          text49       000B72
__end_of_pulseEnablePin                   text34       00213C
__end_of_pushByte                         text30       001E2C
__end_of_pushNibble                       text14       002582
__end_of_pwmFrequency                     text12       00255C
__end_of_pwmInit                          text11       002620
__end_of_pwmSet                           text56       001CAC
__end_of_read_SCL                         text46       0022E0
__end_of_read_SDA                         text45       0022A8
__end_of_resetarTempoEstadia              text6        0023D8
__end_of_soInit                           text16       0021BC
__end_of_soWrite                          text31       00202A
__end_of_ssdDigit                         text21       001E84
__end_of_ssdInit                          text10       001F32
__end_of_ssdUpdate                        text20       00129C
__end_of_timerInit                        text9        00265C
__end_of_timerReset                       text19       0025CA
__end_of_timerWait                        text18       002646
__end_of_valor                            smallconst   000611
__end_of_verificarUsuarioPagou            text3        002270
__end_of_verificarUsuarioPediuParaEntrar  text2        002234
__end_of_verificarUsuarioPediuParaSair    text1        0021F8
__initialization                          cinit        0022E0
__mediumconst                             mediumconst  000000
__pbssCOMRAM                              bssCOMRAM    00002D
__pcinit                                  cinit        0022E0
__pcstackCOMRAM                           cstackCOMRAM 000001
__pdataCOMRAM                             dataCOMRAM   000040
__pidataCOMRAM                            idataCOMRAM  00265C
__psmallconst                             smallconst   000600
__ptext0                                  text0        00174C
__ptext1                                  text1        0021BC
__ptext10                                 text10       001EDC
__ptext11                                 text11       002606
__ptext12                                 text12       002536
__ptext13                                 text13       0019F0
__ptext14                                 text14       00255C
__ptext15                                 text15       002316
__ptext16                                 text16       00217E
__ptext17                                 text17       001648
__ptext18                                 text18       002636
__ptext19                                 text19       0025A8
__ptext2                                  text2        0021F8
__ptext20                                 text20       001130
__ptext21                                 text21       001E2C
__ptext22                                 text22       00065E
__ptext23                                 text23       001CAC
__ptext24                                 text24       001840
__ptext25                                 text25       00153C
__ptext26                                 text26       000F84
__ptext27                                 text27       001F32
__ptext28                                 text28       0025CA
__ptext29                                 text29       0025E8
__ptext3                                  text3        002234
__ptext30                                 text30       001DD2
__ptext31                                 text31       001FDC
__ptext32                                 text32       00248E
__ptext33                                 text33       0024B8
__ptext34                                 text34       0020FA
__ptext35                                 text35       002662
__ptext36                                 text36       00237A
__ptext37                                 text37       00202A
__ptext38                                 text38       001D72
__ptext39                                 text39       002070
__ptext4                                  text4        001B54
__ptext40                                 text40       001F88
__ptext41                                 text41       001E84
__ptext42                                 text42       0023D8
__ptext43                                 text43       0024E2
__ptext44                                 text44       002348
__ptext45                                 text45       002270
__ptext46                                 text46       0022A8
__ptext47                                 text47       00129C
__ptext48                                 text48       00250C
__ptext49                                 text49       000924
__ptext5                                  text5        001406
__ptext50                                 text50       000B72
__ptext51                                 text51       002664
__ptext52                                 text52       00213C
__ptext53                                 text53       00192C
__ptext54                                 text54       001AA4
__ptext55                                 text55       002462
__ptext56                                 text56       001C40
__ptext57                                 text57       002582
__ptext58                                 text58       001BCC
__ptext59                                 text59       001D10
__ptext6                                  text6        0023AA
__ptext60                                 text60       002646
__ptext61                                 text61       002406
__ptext62                                 text62       002434
__ptext63                                 text63       0020B6
__ptext7                                  text7        000DC0
__ptext8                                  text8        002620
__ptext9                                  text9        002654
__ramtop                                  ramtop       000600
__size_of_I2C_delay                       (abs)        000000
__size_of_PulseClockData                  (abs)        000000
__size_of_PulseEnClock                    (abs)        000000
__size_of___aldiv                         (abs)        000000
__size_of___almod                         (abs)        000000
__size_of___awdiv                         (abs)        000000
__size_of___awmod                         (abs)        000000
__size_of___lwdiv                         (abs)        000000
__size_of___lwmod                         (abs)        000000
__size_of___wmul                          (abs)        000000
__size_of_acenderLedNaSequencia           (abs)        000000
__size_of_ativarBuzzer                    (abs)        000000
__size_of_atrasar                         (abs)        000000
__size_of_atualizarHorarioEntrada         (abs)        000000
__size_of_atualizarHorarioSaida           (abs)        000000
__size_of_atualizarTempoEstadia           (abs)        000000
__size_of_bcd2dec                         (abs)        000000
__size_of_clear_SCL                       (abs)        000000
__size_of_clear_SDA                       (abs)        000000
__size_of_delay                           (abs)        000000
__size_of_delayMicro                      (abs)        000000
__size_of_delayMili                       (abs)        000000
__size_of_digitalRead                     (abs)        000000
__size_of_digitalWrite                    (abs)        000000
__size_of_dsReadData                      (abs)        000000
__size_of_i2cReadByte                     (abs)        000000
__size_of_i2cWriteByte                    (abs)        000000
__size_of_i2c_read_bit                    (abs)        000000
__size_of_i2c_start                       (abs)        000000
__size_of_i2c_stop                        (abs)        000000
__size_of_i2c_write_bit                   (abs)        000000
__size_of_iniciarPerifericos              (abs)        000000
__size_of_kpDebounce                      (abs)        000000
__size_of_kpInit                          (abs)        000000
__size_of_kpReadKey                       (abs)        000000
__size_of_lcdChar                         (abs)        000000
__size_of_lcdCommand                      (abs)        000000
__size_of_lcdInit                         (abs)        000000
__size_of_lcdString                       (abs)        000000
__size_of_ledParaDireita                  (abs)        000000
__size_of_ledParaEsquerda                 (abs)        000000
__size_of_main                            (abs)        000000
__size_of_mostrarMenuInicial              (abs)        000000
__size_of_pinMode                         (abs)        000000
__size_of_pulseEnablePin                  (abs)        000000
__size_of_pushByte                        (abs)        000000
__size_of_pushNibble                      (abs)        000000
__size_of_pwmFrequency                    (abs)        000000
__size_of_pwmInit                         (abs)        000000
__size_of_pwmSet                          (abs)        000000
__size_of_read_SCL                        (abs)        000000
__size_of_read_SDA                        (abs)        000000
__size_of_resetarTempoEstadia             (abs)        000000
__size_of_soInit                          (abs)        000000
__size_of_soWrite                         (abs)        000000
__size_of_ssdDigit                        (abs)        000000
__size_of_ssdInit                         (abs)        000000
__size_of_ssdUpdate                       (abs)        000000
__size_of_timerInit                       (abs)        000000
__size_of_timerReset                      (abs)        000000
__size_of_timerWait                       (abs)        000000
__size_of_verificarUsuarioPagou           (abs)        000000
__size_of_verificarUsuarioPediuParaEntrar (abs)        000000
__size_of_verificarUsuarioPediuParaSair   (abs)        000000
__smallconst                              smallconst   000600
_acenderLedNaSequencia                    text60       002646
_ativarBuzzer                             text55       002462
_atrasar                                  text59       001D10
_atualizarHorarioEntrada                  text26       000F84
_atualizarHorarioEntrada$1430             cstackCOMRAM 00002B
_atualizarHorarioSaida                    text22       00065E
_atualizarHorarioSaida$1431               cstackCOMRAM 00002B
_atualizarTempoEstadia                    text17       001648
_bcd2dec                                  text52       00213C
_charKey                                  smallconst   000611
_clear_SCL                                text48       00250C
_clear_SDA                                text43       0024E2
_delay                                    text63       0020B6
_delayMicro                               text35       002662
_delayMili                                text36       00237A
_digitalRead                              text47       00129C
_digitalWrite                             text50       000B72
_display                                  bssCOMRAM    00003D
_dsReadData                               text37       00202A
_i2cReadByte                              text40       001F88
_i2cWriteByte                             text38       001D72
_i2c_read_bit                             text44       002348
_i2c_start                                text39       002070
_i2c_stop                                 text42       0023D8
_i2c_write_bit                            text41       001E84
_iniciarPerifericos                       text8        002620
_keys                                     bssCOMRAM    000037
_kpDebounce                               text5        001406
_kpInit                                   text15       002316
_kpReadKey                                text4        001B54
_lcdChar                                  text28       0025CA
_lcdCommand                               text29       0025E8
_lcdInit                                  text13       0019F0
_lcdString                                text27       001F32
_ledParaDireita                           text62       002434
_ledParaEsquerda                          text61       002406
_main                                     text0        00174C
_mostrarMenuInicial                       text7        000DC0
_mostrarMenuInicial$1429                  cstackCOMRAM 00002B
_novoUsuarioPodeEntrar                    dataCOMRAM   000044
_pinMode                                  text49       000924
_pulseEnablePin                           text34       0020FA
_pushByte                                 text30       001DD2
_pushNibble                               text14       00255C
_pwmFrequency                             text12       002536
_pwmInit                                  text11       002606
_pwmSet                                   text56       001C40
_read_SCL                                 text46       0022A8
_read_SDA                                 text45       002270
_resetarTempoEstadia                      text6        0023AA
_soInit                                   text16       00217E
_soWrite                                  text31       001FDC
_ssdDigit                                 text21       001E2C
_ssdInit                                  text10       001EDC
_ssdUpdate                                text20       001130
_started                                  bssCOMRAM    00003F
_tempoDeTolerancia                        dataCOMRAM   000042
_tempoEstadia                             bssCOMRAM    000031
_timerInit                                text9        002654
_timerReset                               text19       0025A8
_timerWait                                text18       002636
_usuarioPediuParaSair                     bssCOMRAM    00002F
_v0                                       bssCOMRAM    00003C
_v1                                       bssCOMRAM    00003B
_v2                                       bssCOMRAM    00003A
_v3                                       bssCOMRAM    000039
_valor                                    smallconst   000601
_valorAPagar                              bssCOMRAM    00002D
_valorPorHora                             dataCOMRAM   000040
_verificarUsuarioPagou                    text3        002234
_verificarUsuarioPagou$693                cstackCOMRAM 000011
_verificarUsuarioPediuParaEntrar          text2        0021F8
_verificarUsuarioPediuParaEntrar$673      cstackCOMRAM 000011
_verificarUsuarioPediuParaSair            text1        0021BC
_verificarUsuarioPediuParaSair$685        cstackCOMRAM 000011
atrasar@delay                             cstackCOMRAM 000001
atrasar@i                                 cstackCOMRAM 000003
atrasar@j                                 cstackCOMRAM 000004
atrasar@k                                 cstackCOMRAM 000005
atrasar@t                                 cstackCOMRAM 000002
bcd2dec@value                             cstackCOMRAM 000021
delay@i                                   cstackCOMRAM 000001
delay@j                                   cstackCOMRAM 000002
delayMicro@a                              cstackCOMRAM 000001
delayMili@a                               cstackCOMRAM 000001
delayMili@i                               cstackCOMRAM 000004
digitalRead@pin                           cstackCOMRAM 000001
digitalWrite@pin                          cstackCOMRAM 000001
digitalWrite@value                        cstackCOMRAM 000003
dsReadData@address                        cstackCOMRAM 00000E
dsReadData@result                         cstackCOMRAM 000011
end_of_initialization                     cinit        00230C
i2cReadByte@bit                           cstackCOMRAM 00000B
i2cReadByte@byte                          cstackCOMRAM 00000D
i2cReadByte@nack                          cstackCOMRAM 00000A
i2cReadByte@send_stop                     cstackCOMRAM 000008
i2cWriteByte@bit                          cstackCOMRAM 00000B
i2cWriteByte@byte                         cstackCOMRAM 000009
i2cWriteByte@send_start                   cstackCOMRAM 00000A
i2cWriteByte@send_stop                    cstackCOMRAM 000008
i2c_read_bit@bit                          cstackCOMRAM 000007
i2c_write_bit@bit                         cstackCOMRAM 000007
intlevel0                                 text         000000
intlevel1                                 text         000000
intlevel2                                 text         000000
intlevel3                                 text         000000
isa$std                                   (abs)        000001
isa$xinst                                 (abs)        000000
kpDebounce@i                              cstackCOMRAM 00000D
kpDebounce@newRead                        bssCOMRAM    000035
kpDebounce@oldRead                        bssCOMRAM    000033
kpDebounce@tempo                          bssCOMRAM    00003E
kpReadKey@i                               cstackCOMRAM 000004
lcdChar@value                             cstackCOMRAM 00000E
lcdCommand@value                          cstackCOMRAM 00000E
lcdString@i                               cstackCOMRAM 000013
lcdString@msg                             cstackCOMRAM 00000F
ledParaDireita@k                          cstackCOMRAM 000003
ledParaDireita@x                          cstackCOMRAM 000004
ledParaEsquerda@k                         cstackCOMRAM 000003
ledParaEsquerda@x                         cstackCOMRAM 000004
pinMode@pin                               cstackCOMRAM 000001
pinMode@type                              cstackCOMRAM 000003
pushByte@rs                               cstackCOMRAM 00000A
pushByte@value                            cstackCOMRAM 00000D
pushNibble@rs                             cstackCOMRAM 00000A
pushNibble@value                          cstackCOMRAM 00000C
pwmFrequency@freq                         cstackCOMRAM 00000F
pwmSet@porcento                           cstackCOMRAM 000023
pwmSet@val                                cstackCOMRAM 000024
soWrite@i                                 cstackCOMRAM 000009
soWrite@value                             cstackCOMRAM 000007
ssdDigit@pos                              cstackCOMRAM 00002B
ssdDigit@val                              cstackCOMRAM 00002C
stackhi                                   (abs)        0005FF
stacklo                                   (abs)        000080
start                                     init         000000
start_initialization                      cinit        0022E0
timerReset@ciclos                         cstackCOMRAM 000003
timerReset@tempo                          cstackCOMRAM 000001


MODULE INFORMATION

Module		Function		Class		Link	Load	Size
ssd.c
		_ssdInit       		CODE           	1EDC	0000	86
		_ssdDigit      		CODE           	1E2C	0000	88
		_ssdUpdate     		CODE           	1130	0000	364

ssd.c estimated size: 538

delay.c
		_atrasar       		CODE           	1D10	0000	98

delay.c estimated size: 98

keypad.c
		_kpInit        		CODE           	2316	0000	50
		_kpReadKey     		CODE           	1B54	0000	120
		_kpDebounce    		CODE           	1406	0000	310

keypad.c estimated size: 480

so.c
		_soInit        		CODE           	217E	0000	62
		_soWrite       		CODE           	1FDC	0000	78
		_PulseEnClock  		CODE           	248E	0000	42
		_PulseClockData		CODE           	24B8	0000	42

so.c estimated size: 224

E:\Program Files\Microchip\xc8\v2.32\pic\sources\c99\common\lwdiv.c
		___lwdiv       		CODE           	1BCC	0000	116

E:\Program Files\Microchip\xc8\v2.32\pic\sources\c99\common\lwdiv.c estimated size: 116

E:\Program Files\Microchip\xc8\v2.32\pic\sources\c99\common\awdiv.c
		___awdiv       		CODE           	192C	0000	196

E:\Program Files\Microchip\xc8\v2.32\pic\sources\c99\common\awdiv.c estimated size: 196

io.c
		_digitalRead   		CODE           	129C	0000	362
		_digitalWrite  		CODE           	0B72	0000	590
		_pinMode       		CODE           	0924	0000	590

io.c estimated size: 1542

E:\Program Files\Microchip\xc8\v2.32\pic\sources\c99\common\aldiv.c
		___aldiv       		CODE           	153C	0000	268

E:\Program Files\Microchip\xc8\v2.32\pic\sources\c99\common\aldiv.c estimated size: 268

timer.c
		_timerWait     		CODE           	2636	0000	16
		_timerReset    		CODE           	25A8	0000	34
		_timerInit     		CODE           	2654	0000	8

timer.c estimated size: 58

i2c.c
		_i2c_start     		CODE           	2070	0000	70
		_i2cReadByte   		CODE           	1F88	0000	84
		_read_SCL      		CODE           	22A8	0000	56
		_I2C_delay     		CODE           	2664	0000	2
		_clear_SDA     		CODE           	24E2	0000	42
		_clear_SCL     		CODE           	250C	0000	42
		_i2cWriteByte  		CODE           	1D72	0000	96
		_i2c_stop      		CODE           	23D8	0000	46
		_i2c_write_bit 		CODE           	1E84	0000	88
		_i2c_read_bit  		CODE           	2348	0000	50
		_read_SDA      		CODE           	2270	0000	56

i2c.c estimated size: 632

pwm.c
		_pwmInit       		CODE           	2606	0000	26
		_pwmFrequency  		CODE           	2536	0000	38
		_pwmSet        		CODE           	1C40	0000	108

pwm.c estimated size: 172

ds1307.c
		_dsReadData    		CODE           	202A	0000	70
		_bcd2dec       		CODE           	213C	0000	66

ds1307.c estimated size: 136

shared
		_valor         		SMALLCONST     	0601	0000	16
		_charKey       		SMALLCONST     	0611	0000	10
		__initialization		CODE           	22E0	0000	44

shared estimated size: 70

lcd.c
		_lcdCommand    		CODE           	25E8	0000	30
		_lcdChar       		CODE           	25CA	0000	30
		_lcdString     		CODE           	1F32	0000	86
		_pulseEnablePin		CODE           	20FA	0000	66
		_pushByte      		CODE           	1DD2	0000	90
		_pushNibble    		CODE           	255C	0000	38
		_lcdInit       		CODE           	19F0	0000	180
		_delayMili     		CODE           	237A	0000	48
		_delayMicro    		CODE           	2662	0000	2

lcd.c estimated size: 570

E:\Program Files\Microchip\xc8\v2.32\pic\sources\c99\common\Umul16.c
		___wmul        		CODE           	2582	0000	38

E:\Program Files\Microchip\xc8\v2.32\pic\sources\c99\common\Umul16.c estimated size: 38

E:\Program Files\Microchip\xc8\v2.32\pic\sources\c99\common\lwmod.c
		___lwmod       		CODE           	1CAC	0000	100

E:\Program Files\Microchip\xc8\v2.32\pic\sources\c99\common\lwmod.c estimated size: 100

E:\Program Files\Microchip\xc8\v2.32\pic\sources\c99\common\awmod.c
		___awmod       		CODE           	1AA4	0000	176

E:\Program Files\Microchip\xc8\v2.32\pic\sources\c99\common\awmod.c estimated size: 176

main.c
		_acenderLedNaSequencia		CODE           	2646	0000	14
		_atualizarTempoEstadia		CODE           	1648	0000	260
		_delay         		CODE           	20B6	0000	68
		_iniciarPerifericos		CODE           	2620	0000	22
		_verificarUsuarioPediuParaSair		CODE           	21BC	0000	60
		_main          		CODE           	174C	0000	244
		_mostrarMenuInicial		CODE           	0DC0	0000	452
		_verificarUsuarioPagou		CODE           	2234	0000	60
		_resetarTempoEstadia		CODE           	23AA	0000	46
		_atualizarHorarioEntrada		CODE           	0F84	0000	428
		_ledParaDireita		CODE           	2434	0000	46
		_atualizarHorarioSaida		CODE           	065E	0000	710
		_ativarBuzzer  		CODE           	2462	0000	44
		_verificarUsuarioPediuParaEntrar		CODE           	21F8	0000	60
		_ledParaEsquerda		CODE           	2406	0000	46

main.c estimated size: 2560

E:\Program Files\Microchip\xc8\v2.32\pic\sources\c99\common\almod.c
		___almod       		CODE           	1840	0000	236

E:\Program Files\Microchip\xc8\v2.32\pic\sources\c99\common\almod.c estimated size: 236

